[www.seet.net.cn/index.html]
[backblue.gif]
[fade.gif]
[index.html]
[www.seet.net.cn/templates/pc_wjdh/js/n/baidupush.js]
[www.seet.net.cn/templates/pc_wjdh/css/swiper.min.css]
[www.seet.net.cn/templates/pc_wjdh/css/css.css]
[www.seet.net.cn/templates/pc_wjdh/css/in.css]
[www.seet.net.cn/templates/pc_wjdh/js/jquery.min.js]
[img.dlwjdh.com/upload/8231/190925/d7857b7cdbea21170fafec329d63b27a@308X43.png]
[www.seet.net.cn/templates/pc_wjdh/images/phone.png]
[www.seet.net.cn/p6/index.html]
[www.seet.net.cn/templates/pc_wjdh/images/arrows.png]
[www.seet.net.cn/p7/index.html]
[www.seet.net.cn/p2/index.html]
[www.seet.net.cn/fwjc/index.html]
[www.seet.net.cn/csb/index.html]
[www.seet.net.cn/fdp/index.html]
[www.seet.net.cn/templates/pc_wjdh/images/bullet-24-24-4.png]
[www.seet.net.cn/mj/index.html]
[www.seet.net.cn/nlg/index.html]
[www.seet.net.cn/gz/index.html]
[img.dlwjdh.com/upload/8231/200825/5696cc64b9a81e6426a1777070ef56dc@1920X550.jpg]
[www.seet.net.cn/sb/index.html]
[www.seet.net.cn/txz/index.html]
[www.seet.net.cn/qc/index.html]
[img.dlwjdh.com/upload/8231/200825/9ff0278fa53b5451451bb67ab3d933cc@1920X550.jpg]
[www.seet.net.cn/products/index.html]
[www.seet.net.cn/p1/index.html]
[img.dlwjdh.com/upload/8231/200825/22f149697c11a0703513cd85b361bc99@1920X550.jpg]
[www.seet.net.cn/fdcb/index.html]
[www.seet.net.cn/p3/index.html]
[www.seet.net.cn/p6/1252675.html]
[www.seet.net.cn/p8/index.html]
[img.dlwjdh.com/upload/8231/210322/9fd1347f284cbfe91e0a14c7233ea575.jpg]
[www.seet.net.cn/p9/index.html]
[www.seet.net.cn/p6/1115499.html]
[www.seet.net.cn/p4/index.html]
[img.dlwjdh.com/upload/8231/201225/f0bcfcad78a0898edd82ae04aa152462.jpg]
[www.seet.net.cn/ghl/index.html]
[www.seet.net.cn/p6/1059879.html]
[www.seet.net.cn/case/index.html]
[img.dlwjdh.com/upload/8231/201126/81fd6ae4fdae6291ce09c0ca43a209f6.jpg]
[www.seet.net.cn/honor/index.html]
[www.seet.net.cn/p6/880960.html]
[www.seet.net.cn/news/index.html]
[img.dlwjdh.com/upload/8231/200825/d85b74ead031f59558c12215bfa648aa.jpg]
[www.seet.net.cn/p6/360852.html]
[www.seet.net.cn/meitibaodao/index.html]
[www.seet.net.cn/question/index.html]
[www.seet.net.cn/yyxw/index.html]
[img.dlwjdh.com/upload/8231/200601/92f0dd9b5db365573157734761660604.jpg]
[www.seet.net.cn/aktuelle/index.html]
[www.seet.net.cn/contact/index.html]
[www.seet.net.cn/aboutus/index.html]
[www.seet.net.cn/ghl/1237472.html]
[img.dlwjdh.com/upload/8231/210315/a8b3b056138d03dee2a262d1d3cc1b86.jpg]
[www.seet.net.cn/p7/361084.html]
[img.dlwjdh.com/upload/8231/191015/06099dd8bd4df8e6e77bac6994d2423e@483X330.jpg]
[www.seet.net.cn/p3/557424.html]
[img.dlwjdh.com/upload/8231/200218/4b98c1eeccffbd5c1f86b138dbb7c7a8@516X342.jpg]
[www.seet.net.cn/templates/pc_wjdh/images/ys1.png]
[www.seet.net.cn/templates/pc_wjdh/images/ys2.png]
[www.seet.net.cn/templates/pc_wjdh/images/ys3.png]
[www.seet.net.cn/templates/pc_wjdh/images/ys4.png]
[img.dlwjdh.com/upload/8231/200416/4bd5cdf569f55175c5b7126224895235.png]
[www.seet.net.cn/case/635213.html]
[img.dlwjdh.com/upload/8231/210126/737e0c6d6cacf067efb9506a9a35aca3.jpg]
[www.seet.net.cn/case/636106.html]
[www.seet.net.cn/case/636107.html]
[img.dlwjdh.com/upload/8231/210126/ed2e82479038c4bed99a082b5069c58a.jpg]
[www.seet.net.cn/case/386526.html]
[img.dlwjdh.com/upload/8231/210126/7562349ac6d57e1bb578d8ca80b08c09.jpg]
[img.dlwjdh.com/upload/8231/191016/2245e50422b2cee3b49ee3471af1247d@360X270.jpg]
[www.seet.net.cn/case/383307.html]
[www.seet.net.cn/case/360843.html]
[img.dlwjdh.com/upload/8231/191016/d0b6175224d5e018c63be63c00c308e5@445X407.jpg]
[www.seet.net.cn/case/1237478.html]
[img.dlwjdh.com/upload/8231/210315/3ab192860d6794f307e0bedbeab0f50e.jpg]
[www.seet.net.cn/case/1018707.html]
[img.dlwjdh.com/upload/8231/201106/a5a2ae22662f5306d1dda1dc0ac7c6bc.jpg]
[www.seet.net.cn/case/971531.html]
[img.dlwjdh.com/upload/8231/210126/3eeca42f8f77500a7722405f49a12111.jpg]
[www.seet.net.cn/question/402022.html]
[www.seet.net.cn/question/401940.html]
[www.seet.net.cn/templates/pc_wjdh/images/input1.png]
[www.seet.net.cn/templates/pc_wjdh/images/input2.png]
[www.seet.net.cn/templates/pc_wjdh/images/input3.png]
[www.seet.net.cn/templates/pc_wjdh/images/input4.png]
[www.seet.net.cn/api/messagefc10.gif]
[img.dlwjdh.com/upload/8231/191026/27a4c2a04e243d3791a9a56651e4049e@350X210.jpg]
[img.dlwjdh.com/upload/8231/200825/3520789db86dec068ed7b55a5f7bd8e3.jpg]
[www.seet.net.cn/honor/494297.html]
[www.seet.net.cn/honor/432410.html]
[img.dlwjdh.com/upload/8231/191111/ee9b90f1724ae44350db22827f084229@440X621.jpg]
[www.seet.net.cn/honor/383394.html]
[img.dlwjdh.com/upload/8231/191212/8195be59009a4dd25ecb77e9bd1f83d5@800X581.jpg]
[img.dlwjdh.com/upload/8231/191213/c18663d7caf08306be994758b67f8ba8@1080X1485.jpg]
[www.seet.net.cn/honor/494292.html]
[img.dlwjdh.com/upload/8231/200515/54b53d6edb3c26f47bc0c39348e537c8.jpg]
[www.seet.net.cn/honor/689537.html]
[img.dlwjdh.com/upload/8231/200515/b1bdaab15ac2252590e203290d631421.jpg]
[www.seet.net.cn/honor/689686.html]
[img.dlwjdh.com/upload/8231/200217/0d41d0af1b526d1801530bf2a0221149.jpg]
[www.seet.net.cn/album/557090.html]
[img.dlwjdh.com/upload/8231/200217/a4c8b8558256369021a874420b8c698c@674X515.jpg]
[www.seet.net.cn/album/557327.html]
[www.seet.net.cn/album/360834.html]
[img.dlwjdh.com/upload/8231/190927/11c831b40a15c164e1c6acaf0c584a5d@604X396.jpg]
[www.seet.net.cn/album/360819.html]
[img.dlwjdh.com/upload/8231/190927/010e72aff27352d070365e102f92a93f@517X385.jpg]
[www.seet.net.cn/album/360811.html]
[img.dlwjdh.com/upload/8231/190927/fc6884cd105d4bbe32fecf5a927d45b1@531X394.jpg]
[www.seet.net.cn/album/360807.html]
[img.dlwjdh.com/upload/8231/190927/86f6b271052725cd05100a2905eff345@546X362.jpg]
[www.seet.net.cn/meitibaodao/1227144.html]
[img.dlwjdh.com/upload/8231/210309/2b008ef16a3bc3e90d9d773f4efb02fb.jpg]
[www.seet.net.cn/meitibaodao/1171906.html]
[www.seet.net.cn/yyxw/557165.html]
[www.seet.net.cn/meitibaodao/1018710.html]
[www.seet.net.cn/meitibaodao/1018656.html]
[www.seet.net.cn/meitibaodao/991882.html]
[www.seet.net.cn/meitibaodao/973719.html]
[www.seet.net.cn/meitibaodao/991879.html]
[www.seet.net.cn/meitibaodao/973716.html]
[www.seet.net.cn/meitibaodao/841237.html]
[www.seet.net.cn/meitibaodao/820306.html]
[www.seet.net.cn/templates/pc_wjdh/js/swiper.min.js]
[www.seet.net.cn/templates/pc_wjdh/js/index.js]
[www.seet.net.cn/templates/pc_wjdh/js/threebanner.js]
[www.seet.net.cn/templates/pc_wjdh/js/jquery.SuperSlide.2.1.1.js]
[img.dlwjdh.com/upload/8231/190927/ce5cee8594d2619adc82c2a1a705de63@256X254.jpg]
[www.seet.net.cn/templates/pc_wjdh/images/footer1.png]
[www.seet.net.cn/templates/pc_wjdh/images/footer2.png]
[www.seet.net.cn/templates/pc_wjdh/images/footer3.png]
[www.seet.net.cn/album/index.html]
[www.seet.net.cn/sitemap.html]
[www.seet.net.cn/rss.xml]
[www.seet.net.cn/sitemap.xml]
[www.seet.net.cn/api/messageca0f.ashx]
[img.dlwjdh.com/upload/5.png]
[img.dlwjdh.com/upload/trust/1.png]
[www.seet.net.cn/templates/pc_wjdh/js/nav.js]
[tongji.wjdhcms.com/js/tongji8ad7.js]
[www.seet.net.cn/index.html]
[www.seet.net.cn/templates/pc_wjdh/js/n/base.js]
[www.seet.net.cn/customs/index.html]
[www.seet.net.cn/templates/pc_wjdh/js/n/baidupush.js]
[www.seet.net.cn/templates/pc_wjdh/css/swiper.min.css]
[www.seet.net.cn/templates/pc_wjdh/images/cur.png]
[www.seet.net.cn/templates/pc_wjdh/images/Acur.png]
[www.seet.net.cn/templates/pc_wjdh/images/Pcuro1.png]
[www.seet.net.cn/templates/pc_wjdh/images/Pcuro2.png]
[www.seet.net.cn/templates/pc_wjdh/images/Pcuro3.png]
[www.seet.net.cn/templates/pc_wjdh/images/Pcuro4.png]
[www.seet.net.cn/templates/pc_wjdh/images/Pcuro5.png]
[www.seet.net.cn/templates/pc_wjdh/images/Pcuro6.png]
[www.seet.net.cn/templates/pc_wjdh/images/Pcuro7.png]
[www.seet.net.cn/templates/pc_wjdh/images/Pcuro8.png]
[www.seet.net.cn/templates/pc_wjdh/images/Pcuro9.png]
[www.seet.net.cn/templates/pc_wjdh/images/Pcuro10.png]
[www.seet.net.cn/templates/pc_wjdh/images/Pcuro11.png]
[www.seet.net.cn/templates/pc_wjdh/images/Pcuro12.png]
[www.seet.net.cn/templates/pc_wjdh/images/ly.png]
[www.seet.net.cn/templates/pc_wjdh/images/nav_hr.png]
[www.seet.net.cn/templates/pc_wjdh/images/liqsub_ss.png]
[www.seet.net.cn/templates/pc_wjdh/images/footer_bg.jpg]
[www.seet.net.cn/templates/pc_wjdh/css/css.css]
[www.seet.net.cn/templates/pc_wjdh/images/title1.png]
[www.seet.net.cn/templates/pc_wjdh/images/ys_bg.jpg]
[www.seet.net.cn/templates/pc_wjdh/images/ys-h3.png]
[www.seet.net.cn/templates/pc_wjdh/images/ys_txt.png]
[www.seet.net.cn/templates/pc_wjdh/images/ys_txt2.png]
[www.seet.net.cn/templates/pc_wjdh/images/ys_btn1.png]
[www.seet.net.cn/templates/pc_wjdh/images/ys_btn2.png]
[www.seet.net.cn/templates/pc_wjdh/images/case_btn.png]
[www.seet.net.cn/templates/pc_wjdh/images/b1_icon.png]
[www.seet.net.cn/templates/pc_wjdh/images/block2_bg.jpg]
[www.seet.net.cn/templates/pc_wjdh/images/b2-h4.png]
[www.seet.net.cn/templates/pc_wjdh/images/b2-h5.png]
[www.seet.net.cn/templates/pc_wjdh/images/b2_btn.png]
[www.seet.net.cn/templates/pc_wjdh/images/about_bg.jpg]
[www.seet.net.cn/templates/pc_wjdh/images/about-h5.png]
[www.seet.net.cn/templates/pc_wjdh/images/about_btn.png]
[www.seet.net.cn/templates/pc_wjdh/images/about_imgk.png]
[www.seet.net.cn/templates/pc_wjdh/images/about1.png]
[www.seet.net.cn/templates/pc_wjdh/images/about2.png]
[www.seet.net.cn/templates/pc_wjdh/images/about3.png]
[www.seet.net.cn/templates/pc_wjdh/images/about4.png]
[www.seet.net.cn/templates/pc_wjdh/images/about5.png]
[www.seet.net.cn/templates/pc_wjdh/images/about6.png]
[www.seet.net.cn/templates/pc_wjdh/images/about11.png]
[www.seet.net.cn/templates/pc_wjdh/images/about22.png]
[www.seet.net.cn/templates/pc_wjdh/images/about33.png]
[www.seet.net.cn/templates/pc_wjdh/images/about44.png]
[www.seet.net.cn/templates/pc_wjdh/images/about55.png]
[www.seet.net.cn/templates/pc_wjdh/images/about66.png]
[www.seet.net.cn/templates/pc_wjdh/images/block3_bg.jpg]
[www.seet.net.cn/templates/pc_wjdh/images/b3_next.jpg]
[www.seet.net.cn/templates/pc_wjdh/images/b3_prev.jpg]
[www.seet.net.cn/templates/pc_wjdh/images/title2.png]
[www.seet.net.cn/templates/pc_wjdh/images/news_title.png]
[www.seet.net.cn/templates/pc_wjdh/css/in.css]
[www.seet.net.cn/templates/pc_wjdh/js/jquery.min.js]
[img.dlwjdh.com/upload/saohei/index.js]
[www.seet.net.cn/templates/pc_wjdh/css/bootstrap.min.css]
[www.seet.net.cn/templates/pc_wjdh/css/swiper-3.4.2.min.css]
[www.seet.net.cn/templates/pc_wjdh/css/common.css]
[img.dlwjdh.com/upload/8231/200825/1f74e930008d564148f9759b78ba43ce@1920X550.jpg]
[www.seet.net.cn/templates/pc_wjdh/img/locationIco.png]
[www.seet.net.cn/templates/pc_wjdh/img/ca1.png]
[www.seet.net.cn/templates/pc_wjdh/img/proL.png]
[www.seet.net.cn/templates/pc_wjdh/img/products.png]
[www.seet.net.cn/templates/pc_wjdh/img/proHotIco.png]
[www.seet.net.cn/templates/pc_wjdh/img/proLL.png]
[www.seet.net.cn/templates/pc_wjdh/img/proLr.png]
[www.seet.net.cn/templates/pc_wjdh/img/newsIco.png]
[www.seet.net.cn/y/index.html]
[www.seet.net.cn/yyxw/482725.html]
[www.seet.net.cn/templates/pc_wjdh/img/proListImg.png]
[www.seet.net.cn/p6/726833.html]
[img.dlwjdh.com/upload/8231/200601/2df35fda937753a15dde512708ac60d3.jpg]
[www.seet.net.cn/templates/pc_wjdh/js/n/jquery.min.js]
[www.seet.net.cn/templates/pc_wjdh/js/n/bootstrap.min.js]
[www.seet.net.cn/templates/pc_wjdh/js/n/swiper-3.4.2.min.js]
[www.seet.net.cn/templates/pc_wjdh/js/n/rem.min.js]
[www.seet.net.cn/templates/pc_wjdh/js/n/WJDH_common.js]
[www.seet.net.cn/p6/index.html]
[www.seet.net.cn/p7/index.html]
[www.seet.net.cn/nlg/400871.html]
[www.seet.net.cn/fdp/400830.html]
[www.seet.net.cn/templates/pc_wjdh/js/n/common.js]
[www.seet.net.cn/fdcb/976317.html]
[www.seet.net.cn/csb/400827.html]
[img.dlwjdh.com/upload/8231/191024/e277eb9a5e0530d21c91b0bde94bc68a@344X425.jpg]
[img.dlwjdh.com/upload/8231/191024/b0c0365567989580c056b89984a7ebb6@542X378.jpg]
[www.seet.net.cn/fwjc/400840.html]
[img.dlwjdh.com/upload/8231/191024/07b85f85154e4747107c7dd48b3e86fb@455X343.jpg]
[img.dlwjdh.com/upload/8231/191024/5a6998c68fd95f8b7d9e60199fae8096@339X447.jpg]
[www.seet.net.cn/gz/400858.html]
[img.dlwjdh.com/upload/8231/191024/1399f8a5c7f2e9e2a85e1e5a6879da51@429X357.jpg]
[www.seet.net.cn/mj/400862.html]
[img.dlwjdh.com/upload/8231/191024/8e0559e5fee919d66241029e9a946b56@342X442.jpg]
[www.seet.net.cn/qc/400874.html]
[img.dlwjdh.com/upload/8231/191024/456902f81d84b198dd7e45428f3e8d99@501X367.jpg]
[www.seet.net.cn/sb/400878.html]
[img.dlwjdh.com/upload/8231/191024/967a06994723ddc92a22a0176c477069@497X370.jpg]
[www.seet.net.cn/txz/400885.html]
[img.dlwjdh.com/upload/8231/191024/29b0bca77e5275f300f9a09075ec8c17@502X363.jpg]
[www.seet.net.cn/y/400894.html]
[img.dlwjdh.com/upload/8231/191024/6d726315ec6615ce2b241419ebb89056@384X487.jpg]
[img.dlwjdh.com/upload/8231/201014/0a5ed6b65be01f73a14c4f052320f9e5.jpg]
[www.seet.net.cn/p2/index.html]
[www.seet.net.cn/csb/index.html]
[www.seet.net.cn/fdp/index.html]
[www.seet.net.cn/fwjc/index.html]
[www.seet.net.cn/gz/index.html]
[www.seet.net.cn/mj/index.html]
[www.seet.net.cn/nlg/index.html]
[www.seet.net.cn/qc/index.html]
[www.seet.net.cn/sb/index.html]
[www.seet.net.cn/txz/index.html]
[www.seet.net.cn/fdcb/index.html]
[img.dlwjdh.com/upload/8231/191025/f857faa8bd897a06397ba4e204fdc6bf@633X406.jpg]
[img.dlwjdh.com/upload/8231/191025/6012d5e67b0d70b4499136332564a3f7@455X343.jpg]
[www.seet.net.cn/templates/pc_wjdh/js/n/jquery.jqzoom.js]
[www.seet.net.cn/templates/pc_wjdh/js/n/jquery.livequery.js]
[www.seet.net.cn/products/index.html]
[www.seet.net.cn/p8/382679.html]
[img.dlwjdh.com/upload/8231/191025/11cc93af60c25813057f278b9ecc3d8a@619X407.jpg]
[www.seet.net.cn/p4/402679.html]
[img.dlwjdh.com/upload/8231/191025/7dc2e9ab39b3c1a54a1c5ea0441fee0b@509X377.jpg]
[www.seet.net.cn/p9/401506.html]
[img.dlwjdh.com/upload/8231/191025/4fa765daad8c651a4cd3079c3ccb0df2@505X374.jpg]
[www.seet.net.cn/p1/index.html]
[www.seet.net.cn/p3/index.html]
[www.seet.net.cn/p8/index.html]
[www.seet.net.cn/p9/index.html]
[www.seet.net.cn/p4/index.html]
[www.seet.net.cn/ghl/index.html]
[img.dlwjdh.com/upload/8231/190920/a3e82d8179168d2218e9493e60f46a3b@1920X320.jpg]
[www.seet.net.cn/templates/pc_wjdh/img/caseIco2.png]
[www.seet.net.cn/templates/pc_wjdh/img/caseIco1.png]
[www.seet.net.cn/case/index_2.html]
[www.seet.net.cn/case/index_3.html]
[www.seet.net.cn/case/index.html]
[img.dlwjdh.com/upload/8231/190920/9dd7654b5932cc1acc97433b2482664f@1920X320.jpg]
[www.seet.net.cn/templates/pc_wjdh/img/aboutIco.png]
[img.dlwjdh.com/upload/8231/200515/f0bc40246c41363dead606515ed4d716.jpg]
[www.seet.net.cn/honor/689533.html]
[www.seet.net.cn/honor/689683.html]
[img.dlwjdh.com/upload/8231/200515/d222d163489b1fc5bb0f9311c5c4d51f.jpg]
[www.seet.net.cn/honor/617046.html]
[img.dlwjdh.com/upload/8231/200404/dd59568891a18b7f9cc2c5ca932ed618.jpg]
[www.seet.net.cn/honor/617045.html]
[img.dlwjdh.com/upload/8231/200404/3a691b8e503d27983060cad57cc29e3f.jpg]
[www.seet.net.cn/honor/617044.html]
[img.dlwjdh.com/upload/8231/200404/99266232f25718a1a5ea92de6d82d888.jpg]
[www.seet.net.cn/honor/689467.html]
[img.dlwjdh.com/upload/8231/200515/3cb64ecae72c66d1049555f17af56598.jpg]
[www.seet.net.cn/honor/index_2.html]
[www.seet.net.cn/templates/pc_wjdh/img/caseRetitle.png]
[www.seet.net.cn/case/841194.html]
[img.dlwjdh.com/upload/8231/200803/55904115a07bbd7fe24acc134345c616.png]
[www.seet.net.cn/honor/index.html]
[img.dlwjdh.com/upload/8231/190920/1cb7b8e049a2c64a9d7e615db337f85e@1920X320.jpg]
[www.seet.net.cn/templates/pc_wjdh/img/newsIco2.png]
[img.dlwjdh.com/upload/8231/210125/6cc350504ece0740e51fdd4d9be2c829.jpg]
[img.dlwjdh.com/upload/8231/201106/7863d6b9e4ccf0e89b19f2c1123a4d80.png]
[img.dlwjdh.com/upload/8231/201106/7eeb6e101df5669936ae16f6875795fb.jpg]
[img.dlwjdh.com/upload/8231/191206/62c7b55e8586fa00cef4a9b6227bad6d@663X336.jpg]
[img.dlwjdh.com/upload/8231/200217/8d0ec35c2ae47dd5dff4504862687b63@500X666.jpg]
[img.dlwjdh.com/upload/8231/200115/5d33d9a930a7635f82a7abd754c77227@720X540.jpg]
[www.seet.net.cn/yyxw/542313.html]
[img.dlwjdh.com/upload/8231/200115/be9ff9bc0fcc9835b2e9dfa3211ef4de@612X312.jpg]
[www.seet.net.cn/aktuelle/405149.html]
[www.seet.net.cn/aktuelle/403321.html]
[www.seet.net.cn/aktuelle/482754.html]
[www.seet.net.cn/yyxw/542301.html]
[www.seet.net.cn/news/index.html]
[www.seet.net.cn/templates/pc_wjdh/img/newsdda.png]
[www.seet.net.cn/templates/pc_wjdh/img/news04.png]
[img.dlwjdh.com/upload/8231/201022/572bb53fadba9997234f2b26da2190d2.jpg]
[img.dlwjdh.com/upload/8231/201022/ae93f31d754b078076afad49e806cd7d.jpg]
[img.dlwjdh.com/upload/8231/201013/6697a6a22102db9fc25cb435eac0df49.jpg]
[img.dlwjdh.com/upload/8231/201013/dc461c95698c75ca0600698888b66012.jpg]
[www.seet.net.cn/meitibaodao/index_2.html]
[www.seet.net.cn/meitibaodao/index_4.html]
[www.seet.net.cn/meitibaodao/index_5.html]
[www.seet.net.cn/meitibaodao/index.html]
[www.seet.net.cn/yyxw/496940.html]
[www.seet.net.cn/meitibaodao/index_3.html]
[www.chinacompositesexpo.com/upload/userfiles/fck_Z_20191129C110310G137.jpg]
[www.seet.net.cn/yyxw/482735.html]
[img.dlwjdh.com/upload/8231/191206/08701997d033c86f0cc389e244f15f7d@840X360.jpg]
[img.dlwjdh.com/upload/8231/191206/b4285867bb6cb7f503de3bd142a88625@750X250.jpg]
[www.seet.net.cn/yyxw/482718.html]
[www.seet.net.cn/yyxw/482706.html]
[img.dlwjdh.com/upload/8231/191206/675d65a2ef588fa2d73e243ae20627fc@720X336.jpg]
[www.seet.net.cn/yyxw/index.html]
[www.seet.net.cn/yyxw/index_2.html]
[img.dlwjdh.com/upload/8231/191025/60c580955b3d48f253bef8b5bcea574f@606X362.jpg]
[img.dlwjdh.com/upload/8231/191025/87c7d09fab9dcd7fc91b4bf1db2ce112@795X484.jpg]
[www.seet.net.cn/question/index.html]
[www.seet.net.cn/aktuelle/index.html]
[www.seet.net.cn/templates/pc_wjdh/img/contactIco.png]
[www.seet.net.cn/aboutus/index.html]
[img.dlwjdh.com/upload/8231/190920/24821b1dbd016d9915685a79fc400025@1920X320.jpg]
[www.seet.net.cn/templates/pc_wjdh/img/contactCIco1.png]
[www.seet.net.cn/templates/pc_wjdh/img/contactCIco2.png]
[www.seet.net.cn/templates/pc_wjdh/img/contactCIco3.png]
[www.seet.net.cn/templates/pc_wjdh/js/n/map.js]
[www.seet.net.cn/contact/index.html]
[img.dlwjdh.com/upload/8231/210322/d53423b2aff0be8ba6ed88e791ad2f57@750X562.jpg]
[img.dlwjdh.com/upload/8231/210322/cae251ed5471a7efadf80d2014338807@800X600.jpg]
[img.dlwjdh.com/upload/8231/210322/397bbcdcbf0a0fe5a21545b519373791@750X562.jpg]
[img.dlwjdh.com/upload/8231/210322/4e3e1daaa63fa491f1aef5f5f77e7a87@750X562.jpg]
[img.dlwjdh.com/upload/8231/210322/2822e0b38dd64f2709d803829c221e71@800X600.jpg]
[www.seet.net.cn/templates/pc_wjdh/img/proemai.png]
[www.seet.net.cn/templates/pc_wjdh/img/proXq.png]
[img.dlwjdh.com/upload/8231/210322/6c6e6be80a05122dd4ecb0c986d20d8e.jpg]
[img.dlwjdh.com/upload/8231/210322/0583dc85532efb6b2f8ef38eabadc25c.jpg]
[img.dlwjdh.com/upload/8231/210322/7584dc451c9d44e7a0d1112385870f87.jpg]
[img.dlwjdh.com/upload/8231/210322/18c963dc80db71f94ac76f0b6786cc89.jpg]
[img.dlwjdh.com/upload/8231/210322/9e66bdce56e4a91a9263e9a85ce70be0.jpg]
[www.seet.net.cn/templates/pc_wjdh/js/n/qrcode.js]
[www.seet.net.cn/p6/1252675.html]
[img.dlwjdh.com/upload/8231/201225/b21d9cb488daddc9e5629c4819b91c5b@800X600.jpg]
[img.dlwjdh.com/upload/8231/201225/5cbb9ef9caeba04e2cb4c1ac71315c06@800X804.jpg]
[img.dlwjdh.com/upload/8231/201225/a6a9bc5fecd5bf84708243b23075b151@800X600.jpg]
[img.dlwjdh.com/upload/8231/201225/59d9c231df84e2a95c87ef15b721d8a0@800X804.jpg]
[img.dlwjdh.com/upload/8231/201225/03b1bc785c00eee1c1d1b4ea325ca7eb@800X1066.jpg]
[img.dlwjdh.com/upload/8231/201225/6a58c34d03ead2389d7a07daacd4318b@800X600.jpg]
[img.dlwjdh.com/upload/8231/201225/86c2f24f4f400ace8ff8cac3bb23a026.jpg]
[img.dlwjdh.com/upload/8231/201225/6c87e8315fc86b1143be8e80aa2a8b5c.jpg]
[img.dlwjdh.com/upload/8231/201225/0d3294255e20c4416596a69932caeef7.jpg]
[img.dlwjdh.com/upload/8231/201225/0a6d609a6be112f29c3daaa5c0adaa49.jpg]
[img.dlwjdh.com/upload/8231/201225/7016a489cbd7ac3d9108343bdea6ae3a.jpg]
[img.dlwjdh.com/upload/8231/201225/4aa6e9265c0f305c4a97c038edafcf66.jpg]
[www.seet.net.cn/p6/1115499.html]
[img.dlwjdh.com/upload/8231/201126/c0da70157ab4b034878fd0039d6d3590@1440X1080.jpg]
[img.dlwjdh.com/upload/8231/201126/6ac76910a252e0150476c2e940f02ca1@1440X1080.jpg]
[img.dlwjdh.com/upload/8231/201126/c9e638222d68e7bf6bb712a68aa7c973@1191X1080.jpg]
[img.dlwjdh.com/upload/8231/201126/53a2cf76dae10083e8d5b657c37afa83.jpg]
[img.dlwjdh.com/upload/8231/201126/d4962cf972be86e0de3342d806f3c4fa.jpg]
[img.dlwjdh.com/upload/8231/201126/1490c49f5651501f40d7bb44a5dc4736.jpg]
[www.seet.net.cn/p6/1059879.html]
[img.dlwjdh.com/upload/8231/200825/0170ed0160cbe198273e2002e7044ae5@800X556.jpg]
[img.dlwjdh.com/upload/8231/200825/b6b584cb664242cbdb000d5e1c818270@800X533.jpg]
[img.dlwjdh.com/upload/8231/200825/58bbfa78a04dac0e8b724423074d8308@800X533.jpg]
[img.dlwjdh.com/upload/8231/200825/dab590036210d6d2542c58c7fa2e6904@800X533.jpg]
[img.dlwjdh.com/upload/8231/200825/4d07d3e7b1dace282fc23d746b5be97f@800X533.jpg]
[img.dlwjdh.com/upload/8231/200825/0e9d36e67427d3994eb64d5225915bdd.jpg]
[img.dlwjdh.com/upload/8231/200825/c8225ee9f6d40b6da265be91adce8c1d.jpg]
[img.dlwjdh.com/upload/8231/200825/dce01d3adc3305fb164dff4f25c65635.jpg]
[img.dlwjdh.com/upload/8231/200825/2a78167ee9d4b969ce188671dc179e4a.jpg]
[img.dlwjdh.com/upload/8231/200825/bcabc8c278ede68723222bc2516f9557.jpg]
[www.seet.net.cn/p6/880960.html]
[img.dlwjdh.com/upload/8231/200304/16f4a92dd598037451113447fe062f97@624X420.jpg]
[img.dlwjdh.com/upload/8231/200304/d636e52ba7bb083c642e2f68bf096dd5@624X420.jpg]
[img.dlwjdh.com/upload/8231/200304/cfe28bf6788acf0bb3530b4cf9e4df8b@624X420.jpg]
[img.dlwjdh.com/upload/8231/200304/f0e4678fd4c845066db225ea5e00352d@624X420.jpg]
[img.dlwjdh.com/upload/8231/200304/b5c098549d30e5b8c0c47d3df7241e15@624X420.jpg]
[img.dlwjdh.com/upload/8231/200304/deb74ed1265ee868fd4500210708108d@624X420.jpg]
[img.dlwjdh.com/upload/8231/200304/4d53f79fd7a88bf795698379f0b59347@624X420.jpg]
[img.dlwjdh.com/upload/8231/200219/028b762c59efda1240d631bb40ee207f.jpg]
[img.dlwjdh.com/upload/8231/200304/addf48adea144e18dd0dfa88f2841b16.jpg]
[img.dlwjdh.com/upload/8231/200304/e6b63ed7c07724d265ac376373d6bd86.jpg]
[img.dlwjdh.com/upload/8231/200304/4ef0b7bd7f967aa5a4005ae6e839e939.jpg]
[img.dlwjdh.com/upload/8231/200304/7add8531faf4eb6335a080ebaeb0cef8.jpg]
[img.dlwjdh.com/upload/8231/200304/21f964eef048aa15c723b6d5265455a1.jpg]
[www.seet.net.cn/p6/360852.html]
[img.dlwjdh.com/upload/8231/210315/4c99920ff7f3c40939320cee7219cd06@800X600.jpg]
[img.dlwjdh.com/upload/8231/210315/4e386191363d0ba11b3ee5a9760f9cab.jpg]
[img.dlwjdh.com/upload/8231/210315/8dce54b9a7726447b72bfd87e6b56ce0.jpg]
[img.dlwjdh.com/upload/8231/210315/c908d6ff2ff94b6700b931931456e25c.jpg]
[www.seet.net.cn/ghl/1237472.html]
[img.dlwjdh.com/upload/8231/191015/67e15d4f0a7f0f70b87deb6fcba78847@506X335.jpg]
[img.dlwjdh.com/upload/8231/191015/8526bb62657216058dda05b65c7356c2@483X330.jpg]
[img.dlwjdh.com/upload/8231/200304/1390c6f1433b2108180531da857e691b.png]
[img.dlwjdh.com/upload/8231/200219/88b64f0a2b6a4fb5d3dc845079858cfd.jpg]
[www.seet.net.cn/p7/361084.html]
[img.dlwjdh.com/upload/8231/200218/689e3e8f2e7d835708b3cfa193cc94b5@516X342.jpg]
[img.dlwjdh.com/upload/8231/200218/ebbb6fc639e192107b7c2f9cbbaf9231.jpg]
[img.dlwjdh.com/upload/8231/200219/4d3a40626e183800967a809a2ca01dd9.jpg]
[www.seet.net.cn/p3/557424.html]
[img.dlwjdh.com/upload/8231/200416/cf053c0e437e5c37c554b24c10bc088a.png]
[www.seet.net.cn/case/509791.html]
[www.seet.net.cn/case/635416.html]
[www.seet.net.cn/case/841191.html]
[img.dlwjdh.com/upload/8231/200803/034ad0add9d4c75edddd1de7043366b0.jpg]
[www.seet.net.cn/case/386538.html]
[www.seet.net.cn/case/383325.html]
[img.dlwjdh.com/upload/8231/191016/cabe72d030315a2fb8224ceb8e23d78f@438X287.jpg]
[www.seet.net.cn/case/386551.html]
[img.dlwjdh.com/upload/8231/191016/10c848abd27c8d807bf265780a9d4961@370X336.jpg]
[www.seet.net.cn/case/635213.html]
[img.dlwjdh.com/upload/8231/200416/8cd4dc02aa5157dc31b50dee75115e28.png]
[www.seet.net.cn/case/636106.html]
[img.dlwjdh.com/upload/8231/200416/7cbd0db31149f30bef86b305077c623d.png]
[www.seet.net.cn/case/636107.html]
[www.seet.net.cn/case/636110.html]
[img.dlwjdh.com/upload/8231/191016/dbacbe9c1dce0de14829d0b2df479751.jpg]
[www.seet.net.cn/case/386526.html]
[img.dlwjdh.com/upload/8231/191015/8a8967b65bf736742cd2a6c6b058ecd8.jpg]
[www.seet.net.cn/case/360843.html]
[img.dlwjdh.com/upload/8231/191015/e587ff54df4cf542fa9f87a7c4305a87.jpg]
[www.seet.net.cn/case/383307.html]
[img.dlwjdh.com/upload/8231/210315/1bfc75df0e579fa4f2a84b0e4965e7e3.jpg]
[www.seet.net.cn/case/1237478.html]
[img.dlwjdh.com/upload/8231/201106/076625c26c772d0b5316ebb07eef7876.jpg]
[www.seet.net.cn/case/1018707.html]
[img.dlwjdh.com/upload/8231/201013/abce24ed74a74e09ead1d3f27fe1c37f.jpg]
[www.seet.net.cn/case/971531.html]
[www.seet.net.cn/case/956535.html]
[www.seet.net.cn/templates/pc_wjdh/img/news2Ico.png]
[img.dlwjdh.com/upload/8231/191025/77db1910bc55f5451aab24f4b39b5e87.jpg]
[www.seet.net.cn/question/402022.html]
[img.dlwjdh.com/upload/8231/191025/991d8f3eede08ceeba5b79f4dea1c8c6.jpg]
[www.seet.net.cn/question/401940.html]
[img.dlwjdh.com/upload/8231/200825/3bf1157cd98b0821e4accb337b6f004a.jpg]
[www.seet.net.cn/honor/494297.html]
[img.dlwjdh.com/upload/8231/191111/27436f4a010516aa6c113226de2d7c25.jpg]
[www.seet.net.cn/honor/432410.html]
[img.dlwjdh.com/upload/8231/191212/581284573b4d21679ffc90c9fd19454c.jpg]
[www.seet.net.cn/honor/383394.html]
[img.dlwjdh.com/upload/8231/191213/dafd5d2889c9a34708910086ec91e486.jpg]
[www.seet.net.cn/honor/494292.html]
[img.dlwjdh.com/upload/8231/200515/2811dd584ecfcf963f4e2bd4ff271728.jpg]
[www.seet.net.cn/honor/689686.html]
[www.seet.net.cn/honor/986952.html]
[img.dlwjdh.com/upload/8231/200515/eee54244ea209eeea1c712683bd18823.jpg]
[www.seet.net.cn/honor/689537.html]
[www.seet.net.cn/album/557327.html]
[img.dlwjdh.com/upload/8231/200217/6b223b4c1461a135246a7fb9f759d4a2.jpg]
[www.seet.net.cn/album/557090.html]
[img.dlwjdh.com/upload/8231/190927/9fd2ab9d41b3374b6d51366219d19e2f.jpg]
[www.seet.net.cn/album/360834.html]
[img.dlwjdh.com/upload/8231/190927/55f680099b4aef4dd7d8f1bd0fe34890.jpg]
[www.seet.net.cn/album/360819.html]
[img.dlwjdh.com/upload/8231/190927/4d975bc52f5150e4391dc88de178fca4.jpg]
[www.seet.net.cn/album/360811.html]
[img.dlwjdh.com/upload/8231/190927/97d72003f6c1d673654166f65de95e53.jpg]
[www.seet.net.cn/album/360807.html]
[img.dlwjdh.com/upload/8231/210309/44c6fa5d2a3a047c4b3329afba373ae2.jpg]
[www.seet.net.cn/meitibaodao/1227144.html]
[img.dlwjdh.com/upload/8231/210125/fcc7ff7ddd056724eacaa07fd0e95282.jpg]
[www.seet.net.cn/meitibaodao/1171906.html]
[img.dlwjdh.com/upload/8231/200217/1f2fc9b543f973e0969ba2a692a40af9.jpg]
[www.seet.net.cn/yyxw/557165.html]
[img.dlwjdh.com/upload/8231/201106/b6ed87aaff7f735e22bae6a68346d232.png]
[www.seet.net.cn/meitibaodao/1018710.html]
[img.dlwjdh.com/upload/8231/201106/ae0503a8a19fc893d1f8ee929da059ab.jpg]
[www.seet.net.cn/meitibaodao/1018656.html]
[www.chinacompositesexpo.com/upload/userfiles/fck_Z_20201012C104853G178.jpg]
[www.seet.net.cn/meitibaodao/991882.html]
[www.chinacompositesexpo.com/upload/userfiles/fck_Z_20201012C135644G156.jpg]
[www.seet.net.cn/meitibaodao/991879.html]
[www.chinacompositesexpo.com/upload/userfiles/fck_Z_20200918C164839G151.jpg]
[www.chinacompositesexpo.com/upload/userfiles/fck_Z_20200918C164900G149.jpg]
[www.chinacompositesexpo.com/upload/userfiles/fck_Z_20200918C164936G147.jpg]
[www.chinacompositesexpo.com/upload/userfiles/fck_Z_20200918C164952G165.jpg]
[www.seet.net.cn/meitibaodao/973719.html]
[www.seet.net.cn/meitibaodao/973716.html]
[www.chinacompositesexpo.com/upload/userfiles/fck_Z_20200722C094654G183.png]
[www.seet.net.cn/meitibaodao/841237.html]
[img.dlwjdh.com/upload/8231/200723/f0cac87cad33babb4bd136716fd30979.jpg]
[www.seet.net.cn/meitibaodao/806182.html]
[www.seet.net.cn/meitibaodao/820306.html]
[www.seet.net.cn/templates/pc_wjdh/js/swiper.min.js]
[www.seet.net.cn/Version/index.html]
[www.seet.net.cn/templates/pc_wjdh/js/threebanner.js]
[www.seet.net.cn/templates/pc_wjdh/js/jquery.SuperSlide.2.1.1.js]
[www.seet.net.cn/templates/pc_wjdh/js/index.js]
[www.seet.net.cn/customs/index.html]
[www.seet.net.cn/album/index.html]
[www.seet.net.cn/sitemap.html]
[www.seet.net.cn/templates/pc_wjdh/js/nav.js]
[tongji.wjdhcms.com/js/tongji8ad7.js]
[www.seet.net.cn/version/index-2.html]
[tag.wjdhcms.com/static/kefu/2-r-22/css/qq_online.css]
[seet.s1.dlwjdh.com/upload/8231/kefuc445.js]
[www.seet.net.cn/message.html]
[www.seet.net.cn/templates/pc_wjdh/js/n/base.js]
[www.seet.net.cn/templates/pc_wjdh/css/bootstrap.min.css]
[www.seet.net.cn/templates/pc_wjdh/css/swiper-3.4.2.min.css]
[www.seet.net.cn/templates/pc_wjdh/img/caseMenu.jpg]
[www.seet.net.cn/templates/pc_wjdh/img/See.png]
[www.seet.net.cn/templates/pc_wjdh/img/aboutMenu.jpg]
[www.seet.net.cn/templates/pc_wjdh/img/aboutMenu1.jpg]
[www.seet.net.cn/templates/pc_wjdh/img/contact.jpg]
[www.seet.net.cn/templates/pc_wjdh/img/caseCenterIco2.png]
[www.seet.net.cn/templates/pc_wjdh/img/caseCenterIco2-1.png]
[www.seet.net.cn/templates/pc_wjdh/img/caseCenterIco1.png]
[www.seet.net.cn/templates/pc_wjdh/img/caseCenterIco1-1.png]
[www.seet.net.cn/templates/pc_wjdh/img/curpo.png]
[www.seet.net.cn/templates/pc_wjdh/img/proMore.png]
[www.seet.net.cn/templates/pc_wjdh/img/productsIco3.png]
[www.seet.net.cn/templates/pc_wjdh/img/prev.png]
[www.seet.net.cn/templates/pc_wjdh/img/next.png]
[www.seet.net.cn/templates/pc_wjdh/img/icod33.png]
[www.seet.net.cn/templates/pc_wjdh/img/name.png]
[www.seet.net.cn/templates/pc_wjdh/img/tel.png]
[www.seet.net.cn/templates/pc_wjdh/img/textarea.png]
[www.seet.net.cn/templates/pc_wjdh/img/productsList3.png]
[www.seet.net.cn/templates/pc_wjdh/img/productsList4.png]
[www.seet.net.cn/templates/pc_wjdh/img/aboutIdd.png]
[www.seet.net.cn/templates/pc_wjdh/img/honorL.png]
[www.seet.net.cn/templates/pc_wjdh/img/honorR.png]
[www.seet.net.cn/templates/pc_wjdh/img/aboutBottomHover.jpg]
[www.seet.net.cn/templates/pc_wjdh/img/contactico1.png]
[www.seet.net.cn/templates/pc_wjdh/img/contactico2.png]
[www.seet.net.cn/templates/pc_wjdh/img/contactico3.png]
[www.seet.net.cn/templates/pc_wjdh/img/contactico1-1.png]
[www.seet.net.cn/templates/pc_wjdh/img/contactico2-1.png]
[www.seet.net.cn/templates/pc_wjdh/img/contactico3-1.png]
[www.seet.net.cn/templates/pc_wjdh/img/newsIco1.png]
[www.seet.net.cn/templates/pc_wjdh/img/newsIco3.png]
[www.seet.net.cn/templates/pc_wjdh/img/newsIco04.png]
[www.seet.net.cn/templates/pc_wjdh/img/newsListMore.png]
[www.seet.net.cn/templates/pc_wjdh/img/newsListMore2.png]
[www.seet.net.cn/templates/pc_wjdh/img/ico5.png]
[www.seet.net.cn/templates/pc_wjdh/img/sosuo.png]
[www.seet.net.cn/templates/pc_wjdh/img/proIco1.png]
[www.seet.net.cn/templates/pc_wjdh/img/ewm.gif]
[www.seet.net.cn/templates/pc_wjdh/img/pageArrow.png]
[www.seet.net.cn/templates/pc_wjdh/img/newsAic.png]
[www.seet.net.cn/templates/pc_wjdh/css/common.css]
[www.seet.net.cn/y/index.html]
[www.chinacompositesexpo.com/upload/userfiles/fck_Z_20191118C140407G162.jpg]
[www.seet.net.cn/yyxw/482725.html]
[img.dlwjdh.com/upload/8231/200601/2cf058be6fc1077b81383636bb809481@800X600.jpg]
[img.dlwjdh.com/upload/8231/200601/d1791df8027090534317347b96850f93@800X616.jpg]
[img.dlwjdh.com/upload/8231/200601/2ec7a89afa95dbb263eccf2a9170f6a9@800X600.jpg]
[img.dlwjdh.com/upload/8231/200601/2c4c42ea9419096de0a5fec33111738a.jpg]
[img.dlwjdh.com/upload/8231/200601/93b5ff7c8e579014a9f406c5a875d50f.jpg]
[img.dlwjdh.com/upload/8231/200601/a3c620595fa4b514d6e89f287a603385.jpg]
[www.seet.net.cn/p6/726833.html]
[www.seet.net.cn/templates/pc_wjdh/js/n/jquery.min.js]
[www.seet.net.cn/p6/Popover requires tooltip.html]
[www.seet.net.cn/templates/pc_wjdh/js/n/bootstrap.min.js]
[www.seet.net.cn/templates/pc_wjdh/js/n/swiper-3.4.2.min.js]
[www.seet.net.cn/templates/pc_wjdh/js/n/WJDH_common.js]
[www.seet.net.cn/templates/pc_wjdh/js/n/rem.min.js]
[www.seet.net.cn/templates/pc_wjdh/css/commnIe8.css]
[www.seet.net.cn/p6/kf002.html]
[www.seet.net.cn/p6/kf003.html]
[www.seet.net.cn/p6/kf.html]
[www.seet.net.cn/templates/pc_wjdh/js/n/common.js]
[img.dlwjdh.com/upload/8231/191024/bb878817345e67bb8c0877f9e44eb4c1@542X378.jpg]
[img.dlwjdh.com/upload/8231/191024/1029fad64d6cfb593de168ce83895f0f.jpg]
[www.seet.net.cn/fdp/400830.html]
[img.dlwjdh.com/upload/8231/191024/64143e46baf3190837283c81c27ab082@339X447.jpg]
[img.dlwjdh.com/upload/8231/191024/a75c9d3ddb35dedf5c174c88659581f5.jpg]
[www.seet.net.cn/nlg/400871.html]
[img.dlwjdh.com/upload/8231/201014/82f65f6a6ae216c1e87e3b40f2c65395.jpg]
[img.dlwjdh.com/upload/8231/201014/7404b08db9717b6646681f4f2fef1991.jpg]
[img.dlwjdh.com/upload/8231/201014/f5cb0c2ae97f81e38a553bd0e25d2dba.jpg]
[img.dlwjdh.com/upload/8231/201014/6380faa6792a4a9c0789ce545cf668e3.jpg]
[img.dlwjdh.com/upload/8231/201014/286ef20f4932be12dd9252c2c4b7ee90.jpg]
[img.dlwjdh.com/upload/8231/201014/7d69a836e16357b8b6fc85cf406dba18.jpg]
[img.dlwjdh.com/upload/8231/201014/76ebf8a71d86c05443fac74dcc9e6fd9.jpg]
[img.dlwjdh.com/upload/8231/201014/a89fb0204cae34621f62163af8542c29.jpg]
[www.seet.net.cn/fdcb/976317.html]
[img.dlwjdh.com/upload/8231/191024/ffabba18f156a95932b6fbc1f45e2a54@344X425.jpg]
[img.dlwjdh.com/upload/8231/191024/f6da82b5069b69c3914e2479021956f3@537X385.jpg]
[img.dlwjdh.com/upload/8231/191024/e678deed9e11ec1fd1a9fbca53d738f4.jpg]
[www.seet.net.cn/csb/400827.html]
[img.dlwjdh.com/upload/8231/191024/a050c0c31ac9225c862958cfc8e9d2dc@455X343.jpg]
[img.dlwjdh.com/upload/8231/191024/1c46782b7b892782d06698e6cb313f9f.jpg]
[www.seet.net.cn/fwjc/400840.html]
[img.dlwjdh.com/upload/8231/191024/00be49dbe83e88dcd08e064f43d6e9bf@429X357.jpg]
[img.dlwjdh.com/upload/8231/191024/5063f491cf5e05a459a20669754daa3b.jpg]
[www.seet.net.cn/gz/400858.html]
[img.dlwjdh.com/upload/8231/191024/4973b3623c527173c0feebb834dd634d@342X442.jpg]
[img.dlwjdh.com/upload/8231/191024/07fa213bc45846b490e57da4a21fdb56.jpg]
[www.seet.net.cn/mj/400862.html]
[img.dlwjdh.com/upload/8231/191024/763c337753f026f89de07293eccaf016@501X367.jpg]
[img.dlwjdh.com/upload/8231/191024/f6de754bb9928cbb1b524a1a334478e2.jpg]
[www.seet.net.cn/qc/400874.html]
[img.dlwjdh.com/upload/8231/191024/23acbee516471a9bf7505643d25217f4@497X370.jpg]
[img.dlwjdh.com/upload/8231/191024/f7a334a155ddf58afe4977701d1a8e57.jpg]
[www.seet.net.cn/sb/400878.html]
[img.dlwjdh.com/upload/8231/191024/7e76129cb0c55ea786a9638795774044@502X363.jpg]
[img.dlwjdh.com/upload/8231/191024/3a90516e097c1d7bf7a6e13fa0a9d2cc.jpg]
[www.seet.net.cn/txz/400885.html]
[img.dlwjdh.com/upload/8231/191024/7c8b2c07028c1ffd4ead68a4af956a95@384X487.jpg]
[img.dlwjdh.com/upload/8231/191024/c26198abb64a4d3cb68d111c9e181d62.jpg]
[www.seet.net.cn/y/400894.html]
[www.seet.net.cn/templates/pc_wjdh/js/n/jquery.jqzoom.js]
[www.seet.net.cn/templates/pc_wjdh/js/n/jquery.livequery.js]
[img.dlwjdh.com/upload/8231/191025/a64772e667f137a6aaf0741685c8b607@619X407.jpg]
[img.dlwjdh.com/upload/8231/191025/c2d23f876a9d55e5eb1b4045672df498.jpg]
[www.seet.net.cn/p8/382679.html]
[img.dlwjdh.com/upload/8231/200304/30ec9ab41d6177023e4b9ffcda9db1d4@624X420.jpg]
[img.dlwjdh.com/upload/8231/200218/bbe3e82495db1c6909a722c4d6da541b.jpg]
[img.dlwjdh.com/upload/8231/200219/3ce031c95cf328899e30c9122a7a5ced.jpg]
[www.seet.net.cn/p4/402679.html]
[img.dlwjdh.com/upload/8231/191025/4351bc5bc8a86c5345db994c26bba838@505X374.jpg]
[img.dlwjdh.com/upload/8231/200218/4bd265de29736764372960edaf72d770.jpg]
[img.dlwjdh.com/upload/8231/200219/3eed2cb557f7d5ef076168da9c2826d4.jpg]
[img.dlwjdh.com/upload/diy/advantage/14/dl-advantage-14BoxImg1.jpg]
[img.dlwjdh.com/upload/diy/advantage/14/dl-advantage-14BoxImg2.jpg]
[img.dlwjdh.com/upload/diy/advantage/14/dl-advantage-14BoxImg3.jpg]
[img.dlwjdh.com/upload/diy/advantage/14/dl-advantage-14BoxImg4.jpg]
[www.seet.net.cn/p9/401506.html]
[img.dlwjdh.com/upload/8231/200416/4dd56c6328d3bb32ee9aa0d6ef627835.jpg]
[img.dlwjdh.com/upload/8231/200416/160bc7ef8d643a79df911c4f70073cd5.png]
[img.dlwjdh.com/upload/8231/191220/1b4e711da03de398abd6168206993089@378X380.jpg]
[www.seet.net.cn/case/504839.html]
[www.seet.net.cn/case/500496.html]
[img.dlwjdh.com/upload/8231/191218/0ca6a5710e45b1bd0e5535fbbf5766d9@378X380.jpg]
[img.dlwjdh.com/upload/8231/191224/9e25c29e11268dbb932655d20af0cac9@268X232.jpg]
[www.seet.net.cn/case/497331.html]
[img.dlwjdh.com/upload/8231/191216/aec9532ea33a8835ea9dd06ecdb2feae@121X121.jpg]
[www.seet.net.cn/case/index_2.html]
[www.seet.net.cn/case/636112.html]
[img.dlwjdh.com/upload/8231/200416/bbf89f7a82b37c81b0bdcb88873c5a79.jpg]
[img.dlwjdh.com/upload/8231/200929/cd347d9d05acc3819616578aba8ebdcc.jpg]
[img.dlwjdh.com/upload/8231/200930/5ea14db6e0ab169d5432533124b7fee5.jpg]
[www.seet.net.cn/case/954128.html]
[www.seet.net.cn/case/index_3.html]
[www.seet.net.cn/about/index.html]
[www.seet.net.cn/case/index_1.html]
[img.dlwjdh.com/upload/8231/200515/7e4a16ae24ae10a00a55835cad256a1b.jpg]
[img.dlwjdh.com/upload/8231/200515/8dee1353e4a074bbb27e02b12786d79c.jpg]
[www.seet.net.cn/honor/689533.html]
[img.dlwjdh.com/upload/8231/200515/cbd62eefb74a26ea04f51d3d20d0d1a1.jpg]
[www.seet.net.cn/honor/689683.html]
[img.dlwjdh.com/upload/8231/200404/ca98b2a200b94f9dab50d49524cb72e3.jpg]
[www.seet.net.cn/honor/617046.html]
[img.dlwjdh.com/upload/8231/200404/5c700ea047c879fad1c2d8c5a8a9e815.jpg]
[www.seet.net.cn/honor/617045.html]
[img.dlwjdh.com/upload/8231/200404/855c6a5feb45f250a792ffc53faa817f.jpg]
[www.seet.net.cn/honor/617044.html]
[img.dlwjdh.com/upload/8231/200515/6cff3d21ee4b849f9ba61ef3bac55308.jpg]
[www.seet.net.cn/honor/689467.html]
[www.seet.net.cn/honor/986955.html]
[img.dlwjdh.com/upload/8231/201020/4e62737ff4285a32bd3df78dffca3265.jpg]
[img.dlwjdh.com/upload/8231/201020/c01ed60e025865c746fb5bdec6e0c4b8.jpg]
[www.seet.net.cn/honor/index_2.html]
[img.dlwjdh.com/upload/8231/200803/8f176d8282f21dd2edbdcab737da3ce1.png]
[www.seet.net.cn/case/841194.html]
[www.chinacompositesexpo.com/upload/userfiles/fck_Z_20191226C142937G187.jpg]
[www.chinacompositesexpo.com/upload/userfiles/fck_Z_20191226C151312G142.jpg]
[www.chinacompositesexpo.com/upload/userfiles/fck_Z_20191227C120407G172.jpg]
[www.chinacompositesexpo.com/upload/userfiles/fck_Z_20191227C120425G102.jpg]
[www.chinacompositesexpo.com/upload/userfiles/fck_Z_20191227C121107G123.jpg]
[www.chinacompositesexpo.com/upload/userfiles/fck_Z_20191227C121209G134.jpg]
[www.chinacompositesexpo.com/upload/userfiles/fck_Z_20191227C121458G151.jpg]
[www.chinacompositesexpo.com/upload/userfiles/fck_Z_20191227C121553G175.jpg]
[www.chinacompositesexpo.com/upload/userfiles/fck_Z_20191227C122127G115.jpg]
[www.chinacompositesexpo.com/upload/userfiles/fck_Z_20191227C122318G107.jpg]
[www.seet.net.cn/yyxw/542313.html]
[www.chinacompositesexpo.com/upload/userfiles/fck_Z_20200113C130610G163.jpg]
[www.seet.net.cn/yyxw/542301.html]
[www.seet.net.cn/aktuelle/482754.html]
[img.dlwjdh.com/upload/8231/191026/886fe82ef0373a616002eaa2acaca39e.jpg]
[www.seet.net.cn/aktuelle/405149.html]
[img.dlwjdh.com/upload/8231/191025/ad6cc9f3b89b647f236c0a0a259ef96f.jpg]
[www.seet.net.cn/aktuelle/403321.html]
[img.dlwjdh.com/upload/8231/200803/f8db885480e5782294b2db3445d21c62.png]
[img.dlwjdh.com/upload/8231/200715/0f9dc2322410f6fdc92d84e1883bfbf4.jpg]
[www.seet.net.cn/meitibaodao/806002.html]
[www.chinacompositesexpo.com/upload/userfiles/fck_Z_20200622C092219G115.png]
[www.seet.net.cn/meitibaodao/805998.html]
[img.dlwjdh.com/upload/8231/200715/9845826e1ec08ee57551a4fe79bf5ee7.jpg]
[www.seet.net.cn/meitibaodao/778448.html]
[img.dlwjdh.com/upload/8231/200630/2ccd58468cbe2c819d8c68efc5783188.jpg]
[www.seet.net.cn/meitibaodao/778438.html]
[img.dlwjdh.com/upload/8231/200630/2d2147dae508d774b33def4027d06c1e.png]
[www.seet.net.cn/meitibaodao/778437.html]
[img.dlwjdh.com/upload/8231/200630/a5c5024379b0fdc3992804eb2aef1b19.png]
[www.seet.net.cn/meitibaodao/index_2.html]
[www.seet.net.cn/meitibaodao/753898.html]
[img.dlwjdh.com/upload/8231/200616/ce6016517cd3374a77bc723edcb2d633.jpg]
[www.seet.net.cn/meitibaodao/753873.html]
[img.dlwjdh.com/upload/8231/200616/71d0ffb2516a234351954e5434165b68.jpg]
[www.seet.net.cn/meitibaodao/719418.html]
[img.dlwjdh.com/upload/8231/200528/eb1dffa5f32d974639a35ff6a14fce45.jpg]
[img.dlwjdh.com/upload/8231/200528/9181693bc7d2e19625ee56b08b5e173e.jpg]
[www.seet.net.cn/meitibaodao/719417.html]
[www.seet.net.cn/meitibaodao/719415.html]
[img.dlwjdh.com/upload/8231/200528/420ac54e57244151cbb0b1ecc42249d6.gif]
[www.seet.net.cn/meitibaodao/673776.html]
[www.chinacompositesexpo.com/upload/userfiles/fck_Z_20200420C162241G173.jpg]
[www.seet.net.cn/meitibaodao/673773.html]
[img.dlwjdh.com/upload/8231/200507/94340c8f65e3252bc2e4239412a64781.jpg]
[www.seet.net.cn/meitibaodao/596136.html]
[www.chinacompositesexpo.com/upload/userfiles/fck_Z_20200313C160504G123.jpg]
[www.seet.net.cn/meitibaodao/index_1.html]
[www.seet.net.cn/meitibaodao/index_3.html]
[www.seet.net.cn/meitibaodao/596123.html]
[www.chinacompositesexpo.com/upload/userfiles/fck_Z_20200302C125732G198.jpg]
[www.seet.net.cn/meitibaodao/592340.html]
[www.chinacompositesexpo.com/upload/userfiles/fck_Z_20200115C102142G186.jpg]
[www.seet.net.cn/meitibaodao/571268.html]
[img.dlwjdh.com/upload/nullimg.jpg]
[www.seet.net.cn/meitibaodao/571192.html]
[www.chinacompositesexpo.com/upload/userfiles/fck_Z_20200228C113447G176.jpg]
[www.seet.net.cn/meitibaodao/546387.html]
[img.dlwjdh.com/upload/8231/200117/88ef972525b5822ef7bd91c4289e3b7d@535X300.jpg]
[img.dlwjdh.com/upload/8231/200117/79333400081336501dd2b832ec5edb7f@483X330.jpg]
[www.seet.net.cn/meitibaodao/542347.html]
[www.seet.net.cn/meitibaodao/542340.html]
[img.dlwjdh.com/upload/8231/200115/63566fda13dcb0b1fb08c4fd2e405b47@667X322.jpg]
[www.seet.net.cn/meitibaodao/517139.html]
[img.dlwjdh.com/upload/8231/191227/a9bc83ed4804ef45473868db52c58318@877X446.jpg]
[www.seet.net.cn/meitibaodao/index_4.html]
[www.seet.net.cn/meitibaodao/509827.html]
[www.chinacompositesexpo.com/upload/userfiles/fck_Z_20191217C151507G142.jpg]
[www.seet.net.cn/meitibaodao/497373.html]
[img.dlwjdh.com/upload/8231/191216/d938350b1375af2305d84797d9252d4f@467X348.jpg]
[img.dlwjdh.com/upload/8231/191216/c53a4bc0a695e0059c3ab1a9312aaf83@160X120.jpg]
[www.seet.net.cn/meitibaodao/482766.html]
[www.seet.net.cn/meitibaodao/401886.html]
[www.seet.net.cn/meitibaodao/401921.html]
[img.dlwjdh.com/upload/8231/191025/47485b8d7f4b38cda43d584d10f9a529@480X370.jpg]
[www.seet.net.cn/meitibaodao/401104.html]
[img.dlwjdh.com/upload/8231/191024/38e4a091593ae068720fb99a7db9f239@490X489.jpg]
[www.seet.net.cn/meitibaodao/401095.html]
[img.dlwjdh.com/upload/8231/191024/61039e5b91f2521f37c17dc8602f7e47@226X220.png]
[www.seet.net.cn/meitibaodao/index_5.html]
[www.seet.net.cn/yyxw/496940.html]
[www.chinacompositesexpo.com/upload/userfiles/fck_Z_20191018C095141G159.jpg]
[www.seet.net.cn/yyxw/482735.html]
[www.chinacompositesexpo.com/upload/userfiles/fck_Z_20181128C135235G156.jpg]
[www.seet.net.cn/yyxw/482718.html]
[www.chinacompositesexpo.com/upload/userfiles/fck_Z_20190603C105305G150.jpg]
[www.chinacompositesexpo.com/upload/userfiles/fck_Z_20190603C105341G128.jpg]
[www.chinacompositesexpo.com/upload/userfiles/fck_Z_20190603C105413G153.jpg]
[www.seet.net.cn/yyxw/482687.html]
[www.seet.net.cn/yyxw/482706.html]
[img.dlwjdh.com/upload/8231/191206/5859b95156a20fa3dca44fa84dd32177@567X342.jpg]
[www.seet.net.cn/yyxw/482679.html]
[img.dlwjdh.com/upload/8231/191206/9049243a5c9f07577f23fdcc3e6be5ad@1271X847.jpg]
[www.seet.net.cn/yyxw/index_2.html]
[www.seet.net.cn/templates/pc_wjdh/js/n/map.js]
[www.seet.net.cn/templates/pc_wjdh/js/n/qrcode.js]
[img.dlwjdh.com/upload/8231/191224/2b96caabd10f411c2599e8a55e6a3de5.jpg]
[www.seet.net.cn/case/509791.html]
[img.dlwjdh.com/upload/8231/200416/4ea251de717dc7b1b8e9df4df27362e7.png]
[www.seet.net.cn/case/635416.html]
[img.dlwjdh.com/upload/8231/200803/bf18ea8f6c16935d67a3b6336f958d9a.jpg]
[www.seet.net.cn/case/841191.html]
[img.dlwjdh.com/upload/8231/191016/b358df2588ce7cb1bff219c309a651ee.jpg]
[www.seet.net.cn/case/386538.html]
[img.dlwjdh.com/upload/8231/191016/9d7791dc28dcb0340034deeb2dd5dc43@467X348.jpg]
[img.dlwjdh.com/upload/8231/191015/2e6315897acec239aa782b0fe528addf.jpg]
[www.seet.net.cn/case/383325.html]
[img.dlwjdh.com/upload/8231/191016/04a394a2ca5b4c0c06f4ac4987b44ad8.jpg]
[www.seet.net.cn/case/386551.html]
[img.dlwjdh.com/upload/8231/200416/d74e6d6e8c27819902457ffc4d56e6fb.jpg]
[www.seet.net.cn/case/636110.html]
[img.dlwjdh.com/upload/8231/200930/0037bc26d74922f1178a181f7a3ea0e1.jpg]
[www.seet.net.cn/case/956535.html]
[img.dlwjdh.com/upload/8231/201020/c0b5d7cdf3630f1e3a37c01b9085da88.jpg]
[www.seet.net.cn/honor/986952.html]
[www.seet.net.cn/meitibaodao/806182.html]
[www.seet.net.cn/templates/pc_wjdh/css/sitemap.css]
[www.seet.net.cn/templates/pc_wjdh/js/n/404.js]
[www.seet.net.cn/Version/index.html]
[www.seet.net.cn/version/index-2.html]
[tag.wjdhcms.com/static/kefu/2-r-22/css/qq_online.css]
[www.seet.net.cn/templates/pc_wjdh/css/message.css]
[www.seet.net.cn/templates/pc_wjdh/img/close.png]
[www.seet.net.cn/templates/pc_wjdh/js/n/message.js]
[www.seet.net.cn/message.html]
[www.seet.net.cn/p6/Popover requires tooltip.html]
[www.seet.net.cn/templates/pc_wjdh/css/commnIe8.css]
[www.seet.net.cn/p6/kf002.html]
[www.seet.net.cn/p6/kf003.html]
[www.seet.net.cn/p6/kf.html]
[img.dlwjdh.com/upload/diy/advantage/03/dl-advantage-03BoxL.png]
[img.dlwjdh.com/upload/diy/about/01/dl-about-01Title.png]
[img.dlwjdh.com/upload/diy/case/02/dl-case-02BottomBoxBg.jpg]
[zz.bdstatic.com/linksubmit/push.js]
[img.dlwjdh.com/upload/diy/contact/05/dl-contact-05Bg.png]
[css.s1.dlwjdh.com/module/content/diy-template-client/css/diy-template.css]
[img.dlwjdh.com/upload/8231/191220/274600cb21fd22766d3b52611f424b4a.jpg]
[www.seet.net.cn/case/504839.html]
[img.dlwjdh.com/upload/8231/191218/d0d6b422d18234fe660eaa65a6072d90.jpg]
[www.seet.net.cn/case/500496.html]
[img.dlwjdh.com/upload/8231/191216/01a84d850dba3f7430e9c95d3f5894b5.jpg]
[www.seet.net.cn/case/497331.html]
[img.dlwjdh.com/upload/8231/200416/4264b24726e7ed97dd3a31ad5511757b.jpg]
[www.seet.net.cn/case/636112.html]
[img.dlwjdh.com/upload/8231/200929/3d09670c9db0f3e2a397c4f8f86b72a3.jpg]
[www.seet.net.cn/case/954128.html]
[www.seet.net.cn/case/index_1.html]
[img.dlwjdh.com/upload/8231/201020/b62e7459e09633637c4e53c503ba38f9.jpg]
[www.seet.net.cn/honor/986955.html]
[www.seet.net.cn/meitibaodao/806002.html]
[www.chinacompositesexpo.com/upload/userfiles/fck_Z_20200624C113326G111.jpg]
[www.seet.net.cn/meitibaodao/805998.html]
[img.dlwjdh.com/upload/8231/200630/f3af8641f634b70e1f1efa12551a74f9.jpg]
[www.seet.net.cn/meitibaodao/778448.html]
[img.dlwjdh.com/upload/8231/200630/d34950e54eea8fd0577e7d67ce6191d0.png]
[www.seet.net.cn/meitibaodao/778438.html]
[img.dlwjdh.com/upload/8231/200630/01c9d151f3f19d05b3ed3b6e942c5b38.png]
[www.seet.net.cn/meitibaodao/778437.html]
[www.chinacompositesexpo.com/upload/userfiles/fck_Z_20200608C092656G115.jpg]
[www.chinacompositesexpo.com/upload/userfiles/fck_Z_20200608C092719G172.jpg]
[www.chinacompositesexpo.com/upload/userfiles/fck_Z_20200608C092847G130.jpg]
[www.chinacompositesexpo.com/upload/userfiles/fck_Z_20200608C092905G182.jpg]
[www.chinacompositesexpo.com/upload/userfiles/fck_Z_20200608C092936G104.jpg]
[www.chinacompositesexpo.com/upload/userfiles/fck_Z_20200608C092953G130.jpg]
[www.chinacompositesexpo.com/upload/userfiles/fck_Z_20200608C093029G136.jpg]
[www.chinacompositesexpo.com/upload/userfiles/fck_Z_20200608C093102G106.jpg]
[www.seet.net.cn/meitibaodao/753898.html]
[img.dlwjdh.com/upload/8231/200616/e8c99b85de4f605064809c681b0b538a.jpg]
[www.seet.net.cn/meitibaodao/753873.html]
[www.seet.net.cn/meitibaodao/719418.html]
[www.seet.net.cn/meitibaodao/719417.html]
[www.chinacompositesexpo.com/upload/userfiles/fck_Z_20200514C143920G117.gif]
[www.chinacompositesexpo.com/upload/userfiles/fck_Z_20200514C144105G125.gif]
[www.chinacompositesexpo.com/upload/userfiles/fck_Z_20200515C161807G116.jpg]
[www.seet.net.cn/meitibaodao/719415.html]
[www.seet.net.cn/meitibaodao/673776.html]
[www.chinacompositesexpo.com/upload/userfiles/fck_Z_20200421C152125G112.jpg]
[www.seet.net.cn/meitibaodao/673773.html]
[www.chinacompositesexpo.com/upload/userfiles/fck_Z_20200313C160436G165.jpg]
[www.seet.net.cn/meitibaodao/596136.html]
[www.seet.net.cn/meitibaodao/index_1.html]
[www.seet.net.cn/meitibaodao/596123.html]
[www.chinacompositesexpo.com/upload/userfiles/fck_Z_20200121C091605G193.jpg]
[www.chinacompositesexpo.com/upload/userfiles/fck_Z_20200121C091639G121.jpg]
[www.chinacompositesexpo.com/upload/userfiles/fck_Z_20200115C102359G144.jpg]
[www.seet.net.cn/meitibaodao/592340.html]
[www.seet.net.cn/meitibaodao/571268.html]
[www.seet.net.cn/meitibaodao/571192.html]
[img.dlwjdh.com/upload/8231/200117/dca8bb229c94e98b1ae2e601d74ac4a8.jpg]
[www.seet.net.cn/meitibaodao/546387.html]
[img.dlwjdh.com/upload/8231/200117/91b5495dcda88291ffdd6abb8926c686.jpg]
[www.seet.net.cn/meitibaodao/542347.html]
[www.chinacompositesexpo.com/upload/userfiles/fck_Z_20191230C093330G108.jpg]
[www.seet.net.cn/meitibaodao/542340.html]
[img.dlwjdh.com/upload/8231/191227/fd95198e61a058e4d2bbc4c36fcabff5.jpg]
[www.seet.net.cn/meitibaodao/517139.html]
[www.seet.net.cn/meitibaodao/509827.html]
[www.seet.net.cn/meitibaodao/497373.html]
[img.dlwjdh.com/upload/8231/191206/2c979350f59a592808aa09c5d8c6e6f8.jpg]
[img.dlwjdh.com/upload/8231/191206/3f49f3b4d8135f1b8bd377897331c672.jpg]
[www.seet.net.cn/meitibaodao/482766.html]
[img.dlwjdh.com/upload/8231/191025/2bbe0c77db6913bd1324996a8b52953f.jpg]
[www.seet.net.cn/meitibaodao/401921.html]
[www.seet.net.cn/meitibaodao/401886.html]
[img.dlwjdh.com/upload/8231/191025/403b5a5984f13e23712f2524101a769d@607X489.jpg]
[img.dlwjdh.com/upload/8231/191024/1733de655e30fd74b301fa3e59ef5c16.jpg]
[www.seet.net.cn/meitibaodao/401104.html]
[img.dlwjdh.com/upload/8231/191024/757a944670c6bdd188f42097dba28631.png]
[www.seet.net.cn/meitibaodao/401095.html]
[www.chinacompositesexpo.com/upload/userfiles/fck_Z_20190927C104714G106.jpg]
[www.seet.net.cn/yyxw/482687.html]
[www.chinacompositesexpo.com/upload/userfiles/fck_Z_20191108C175303G178.jpg]
[www.chinacompositesexpo.com/upload/userfiles/fck_Z_20191108C175426G179.jpg]
[www.chinacompositesexpo.com/upload/userfiles/fck_Z_20191108C175507G173.jpg]
[www.chinacompositesexpo.com/upload/userfiles/fck_Z_20191108C175552G155.jpg]
[www.chinacompositesexpo.com/upload/userfiles/fck_Z_20191108C175615G172.jpg]
[www.seet.net.cn/yyxw/482679.html]
[www.seet.net.cn/templates/pc_wjdh/css/sitemap.css]
[www.seet.net.cn/templates/pc_wjdh/js/n/404.js]
[www.seet.net.cn/templates/pc_wjdh/css/message.css]
[www.seet.net.cn/templates/pc_wjdh/js/n/message.js]
[zz.bdstatic.com/linksubmit/push.js]
[push.zhanzhang.baidu.com/push.js]
[img.dlwjdh.com/upload/diy/message/01/dl-message-01Name.html]
[img.dlwjdh.com/upload/diy/message/01/dl-message-01Tel.html]
[img.dlwjdh.com/upload/diy/message/01/dl-message-01Code.html]
[www.seet.net.cn/meitibaodao/北京航空航天大学材料科学与工程学院热压罐项目候选人公示：西安神鹰复合材料有限公司中标候选，公示详情可查看中国招标投标公共服务平台：http_/bulletin.cebpubservice.com/candidateBulletin/2019-12-13/2327923.html]
[api.map.baidu.com/library/SearchInfoWindow/1.5/src/SearchInfoWindow_min.js]
[sp0.baidu.com/9_Q4simg2RQJ8t7jm9iCKT-xh_/s.gif]
